mode: set
github.com/crunchydata/postgres-operator/internal/pgmonitor/exporter.go:48.99,59.40 5 0
github.com/crunchydata/postgres-operator/internal/pgmonitor/exporter.go:59.40,61.17 2 0
github.com/crunchydata/postgres-operator/internal/pgmonitor/exporter.go:61.17,64.12 2 0
github.com/crunchydata/postgres-operator/internal/pgmonitor/exporter.go:66.3,66.44 1 0
github.com/crunchydata/postgres-operator/internal/pgmonitor/exporter.go:70.2,71.16 2 0
github.com/crunchydata/postgres-operator/internal/pgmonitor/exporter.go:71.16,74.3 1 0
github.com/crunchydata/postgres-operator/internal/pgmonitor/exporter.go:74.8,76.3 1 0
github.com/crunchydata/postgres-operator/internal/pgmonitor/exporter.go:79.2,80.16 2 0
github.com/crunchydata/postgres-operator/internal/pgmonitor/exporter.go:80.16,83.3 1 0
github.com/crunchydata/postgres-operator/internal/pgmonitor/exporter.go:83.8,85.3 1 0
github.com/crunchydata/postgres-operator/internal/pgmonitor/exporter.go:88.2,88.40 1 0
github.com/crunchydata/postgres-operator/internal/pgmonitor/exporter.go:88.40,90.17 2 0
github.com/crunchydata/postgres-operator/internal/pgmonitor/exporter.go:90.17,93.4 1 0
github.com/crunchydata/postgres-operator/internal/pgmonitor/exporter.go:93.9,95.4 1 0
github.com/crunchydata/postgres-operator/internal/pgmonitor/exporter.go:99.2,99.44 1 0
github.com/crunchydata/postgres-operator/internal/pgmonitor/exporter.go:99.44,101.3 1 0
github.com/crunchydata/postgres-operator/internal/pgmonitor/exporter.go:105.2,105.16 1 0
github.com/crunchydata/postgres-operator/internal/pgmonitor/exporter.go:111.84,127.24 2 1
github.com/crunchydata/postgres-operator/internal/pgmonitor/exporter.go:127.24,135.3 1 1
github.com/crunchydata/postgres-operator/internal/pgmonitor/exporter.go:137.2,182.21 2 1
github.com/crunchydata/postgres-operator/internal/pgmonitor/postgres.go:26.102,28.57 1 1
github.com/crunchydata/postgres-operator/internal/pgmonitor/postgres.go:28.57,34.3 1 1
github.com/crunchydata/postgres-operator/internal/pgmonitor/postgres.go:39.120,41.57 1 1
github.com/crunchydata/postgres-operator/internal/pgmonitor/postgres.go:41.57,49.3 2 1
github.com/crunchydata/postgres-operator/internal/pgmonitor/postgres.go:56.89,70.2 4 0
github.com/crunchydata/postgres-operator/internal/pgmonitor/postgres.go:77.65,106.16 4 0
github.com/crunchydata/postgres-operator/internal/pgmonitor/postgres.go:106.16,147.3 2 0
github.com/crunchydata/postgres-operator/internal/pgmonitor/postgres.go:149.2,149.12 1 0
github.com/crunchydata/postgres-operator/internal/pgmonitor/util.go:16.54,20.81 2 1
github.com/crunchydata/postgres-operator/internal/pgmonitor/util.go:20.81,24.3 2 1
github.com/crunchydata/postgres-operator/internal/pgmonitor/util.go:26.2,26.28 1 1
github.com/crunchydata/postgres-operator/internal/pgmonitor/util.go:30.82,33.57 1 1
github.com/crunchydata/postgres-operator/internal/pgmonitor/util.go:33.57,35.3 1 1
github.com/crunchydata/postgres-operator/internal/pgmonitor/util.go:36.2,36.36 1 1
github.com/crunchydata/postgres-operator/internal/pgmonitor/util.go:36.36,38.3 1 1
github.com/crunchydata/postgres-operator/internal/pgmonitor/util.go:39.2,39.46 1 1
github.com/crunchydata/postgres-operator/internal/pgmonitor/util.go:39.46,41.3 1 1
github.com/crunchydata/postgres-operator/internal/pgmonitor/util.go:42.2,42.55 1 1
github.com/crunchydata/postgres-operator/internal/pgmonitor/util.go:42.55,44.3 1 1
github.com/crunchydata/postgres-operator/internal/pgmonitor/util.go:45.2,45.13 1 1
